// Jest Snapshot v1, https://goo.gl/fbAQLP

exports[`HeaderMenu simple render menu 1`] = `
<div
  className="Container"
>
  <ul
    className="Menu"
  >
    <li
      className="MenuItem"
      onMouseEnter={[Function]}
      onMouseLeave={[Function]}
      title="element 1"
    >
      <div
        className="Element ElementContainer"
        onClick={[Function]}
      >
        <div
          className="Element_Title"
        >
          element 1
        </div>
      </div>
    </li>
    <li
      className="MenuItem"
      onMouseEnter={[Function]}
      onMouseLeave={[Function]}
      title="element 2"
    >
      <div
        className="Element ElementContainer"
        onClick={[Function]}
      >
        <div
          className="Element_Title"
        >
          element 2
        </div>
      </div>
    </li>
    <li
      className="MenuItem"
      onMouseEnter={[Function]}
      onMouseLeave={[Function]}
      title="element 3"
    >
      <div
        className="Element ElementContainer"
        onClick={[Function]}
      >
        <div
          className="Element_Title"
        >
          element 3
        </div>
      </div>
    </li>
    <li
      className="MenuItem MenuItem__disabled"
      onMouseEnter={[Function]}
      onMouseLeave={[Function]}
      title="element 4"
    >
      <div
        className="Element ElementContainer"
        disabled={true}
        onClick={[Function]}
      >
        <div
          className="Element_Title"
        >
          element 4
        </div>
      </div>
    </li>
  </ul>
</div>
`;
